Script started on Monday 11 April 2019 11:14:52 AM IST
tpc@CC2-27:~$ sudo apt update
[sudo] password for tpc: 
Hit:1 http://in.archive.ubuntu.com/ubuntu bionic InRelease
Get:2 http://in.archive.ubuntu.com/ubuntu bionic-updates InRelease [88.7 kB]
Get:3 http://security.ubuntu.com/ubuntu bionic-security InRelease [88.7 kB]    
Get:4 http://in.archive.ubuntu.com/ubuntu bionic-backports InRelease [74.6 kB] 
Get:5 http://in.archive.ubuntu.com/ubuntu bionic-updates/main i386 Packages [487 kB]
Get:6 http://security.ubuntu.com/ubuntu bionic-security/main amd64 Packages [296 kB]
Get:7 http://in.archive.ubuntu.com/ubuntu bionic-updates/main amd64 Packages [574 kB]
Get:8 http://security.ubuntu.com/ubuntu bionic-security/main i386 Packages [216 kB]
Get:9 http://in.archive.ubuntu.com/ubuntu bionic-updates/main Translation-en [211 kB]
Get:10 http://security.ubuntu.com/ubuntu bionic-security/main Translation-en [106 kB]
Get:11 http://in.archive.ubuntu.com/ubuntu bionic-updates/main amd64 DEP-11 Metadata [278 kB]
Get:12 http://in.archive.ubuntu.com/ubuntu bionic-updates/main DEP-11 48x48 Icons [66.7 kB]
Get:13 http://security.ubuntu.com/ubuntu bionic-security/main amd64 DEP-11 Metadata [204 B]
Get:14 http://in.archive.ubuntu.com/ubuntu bionic-updates/main DEP-11 64x64 Icons [123 kB]
Get:15 http://in.archive.ubuntu.com/ubuntu bionic-updates/universe amd64 Packages [755 kB]
Get:16 http://security.ubuntu.com/ubuntu bionic-security/universe amd64 Packages [131 kB]
Get:17 http://security.ubuntu.com/ubuntu bionic-security/universe i386 Packages [127 kB]
Get:18 http://in.archive.ubuntu.com/ubuntu bionic-updates/universe i386 Packages [744 kB]
Get:19 http://in.archive.ubuntu.com/ubuntu bionic-updates/universe Translation-en [201 kB]
Get:20 http://in.archive.ubuntu.com/ubuntu bionic-updates/universe amd64 DEP-11 Metadata [209 kB]
Get:21 http://in.archive.ubuntu.com/ubuntu bionic-updates/universe DEP-11 48x48 Icons [178 kB]
Get:22 http://in.archive.ubuntu.com/ubuntu bionic-updates/universe DEP-11 64x64 Icons [347 kB]
Get:23 http://in.archive.ubuntu.com/ubuntu bionic-updates/multiverse amd64 Packages [6,388 B]
Get:24 http://security.ubuntu.com/ubuntu bionic-security/universe Translation-en [74.1 kB]
Get:25 http://in.archive.ubuntu.com/ubuntu bionic-updates/multiverse i386 Packages [6,544 B]
Get:26 http://in.archive.ubuntu.com/ubuntu bionic-updates/multiverse amd64 DEP-11 Metadata [2,468 B]
Get:27 http://security.ubuntu.com/ubuntu bionic-security/universe amd64 DEP-11 Metadata [20.8 kB]
Get:28 http://in.archive.ubuntu.com/ubuntu bionic-backports/universe amd64 DEP-11 Metadata [7,352 B]
Get:29 http://security.ubuntu.com/ubuntu bionic-security/universe DEP-11 48x48 Icons [12.2 kB]
Get:30 http://security.ubuntu.com/ubuntu bionic-security/universe DEP-11 64x64 Icons [45.2 kB]
Get:31 http://security.ubuntu.com/ubuntu bionic-security/multiverse amd64 Packages [3,748 B]
Get:32 http://security.ubuntu.com/ubuntu bionic-security/multiverse i386 Packages [3,900 B]
Get:33 http://security.ubuntu.com/ubuntu bionic-security/multiverse amd64 DEP-11 Metadata [2,464 B]
Fetched 5,489 kB in 10s (545 kB/s)                                             
Reading package lists... Done
Building dependency tree       
Reading state information... Done
21 packages can be upgraded. Run 'apt list --upgradable' to see them.
tpc@CC2-27:~$ sudo apt upgrade
Reading package lists... Done
Building dependency tree       
Reading state information... Done
Calculating upgrade... Done
The following packages will be upgraded:
  flashplugin-installer gir1.2-upowerglib-1.0 gnome-control-center
  gnome-control-center-data gnome-control-center-faces liblua5.3-0
  libnss-myhostname libnss-systemd libpam-systemd libsmbclient libsystemd0
  libudev1 libupower-glib3 libwbclient0 samba-libs systemd systemd-sysv udev
  upower wget wpasupplicant
21 upgraded, 0 newly installed, 0 to remove and 0 not upgraded.
Need to get 14.3 MB of archives.
After this operation, 1,024 B disk space will be freed.
Do you want to continue? [Y/n] y
Get:1 http://in.archive.ubuntu.com/ubuntu bionic-updates/main amd64 libnss-systemd amd64 237-3ubuntu10.19 [105 kB]
Get:2 http://in.archive.ubuntu.com/ubuntu bionic-updates/main amd64 libsystemd0 amd64 237-3ubuntu10.19 [204 kB]
Get:3 http://in.archive.ubuntu.com/ubuntu bionic-updates/main amd64 libnss-myhostname amd64 237-3ubuntu10.19 [33.8 kB]
Get:4 http://in.archive.ubuntu.com/ubuntu bionic-updates/main amd64 libpam-systemd amd64 237-3ubuntu10.19 [108 kB]
Get:5 http://in.archive.ubuntu.com/ubuntu bionic-updates/main amd64 systemd amd64 237-3ubuntu10.19 [2,901 kB]
Get:6 http://in.archive.ubuntu.com/ubuntu bionic-updates/main amd64 udev amd64 237-3ubuntu10.19 [1,102 kB]
Get:7 http://in.archive.ubuntu.com/ubuntu bionic-updates/main amd64 libudev1 amd64 237-3ubuntu10.19 [53.5 kB]
Get:8 http://in.archive.ubuntu.com/ubuntu bionic-updates/main amd64 systemd-sysv amd64 237-3ubuntu10.19 [11.5 kB]
Get:9 http://in.archive.ubuntu.com/ubuntu bionic-updates/main amd64 libsmbclient amd64 2:4.7.6+dfsg~ubuntu-0ubuntu2.9 [54.4 kB]
Get:10 http://in.archive.ubuntu.com/ubuntu bionic-updates/main amd64 samba-libs amd64 2:4.7.6+dfsg~ubuntu-0ubuntu2.9 [5,248 kB]
Get:11 http://in.archive.ubuntu.com/ubuntu bionic-updates/main amd64 libwbclient0 amd64 2:4.7.6+dfsg~ubuntu-0ubuntu2.9 [33.7 kB]
Get:12 http://in.archive.ubuntu.com/ubuntu bionic-updates/main amd64 wget amd64 1.19.4-1ubuntu2.2 [316 kB]
Get:13 http://in.archive.ubuntu.com/ubuntu bionic-updates/multiverse amd64 flashplugin-installer amd64 32.0.0.171ubuntu0.18.04.1 [6,656 B]
Get:14 http://in.archive.ubuntu.com/ubuntu bionic-updates/main amd64 libupower-glib3 amd64 0.99.7-2ubuntu0.18.04.1 [42.8 kB]
Get:15 http://in.archive.ubuntu.com/ubuntu bionic-updates/main amd64 gir1.2-upowerglib-1.0 amd64 0.99.7-2ubuntu0.18.04.1 [5,268 B]
Get:16 http://in.archive.ubuntu.com/ubuntu bionic-updates/main amd64 gnome-control-center-data all 1:3.28.2-0ubuntu0.18.04.3 [507 kB]
Get:17 http://in.archive.ubuntu.com/ubuntu bionic-updates/main amd64 gnome-control-center amd64 1:3.28.2-0ubuntu0.18.04.3 [1,627 kB]
Get:18 http://in.archive.ubuntu.com/ubuntu bionic-updates/main amd64 gnome-control-center-faces all 1:3.28.2-0ubuntu0.18.04.3 [819 kB]
Get:19 http://in.archive.ubuntu.com/ubuntu bionic-updates/main amd64 liblua5.3-0 amd64 5.3.3-1ubuntu0.18.04.1 [115 kB]
Get:20 http://in.archive.ubuntu.com/ubuntu bionic-updates/main amd64 upower amd64 0.99.7-2ubuntu0.18.04.1 [102 kB]
Get:21 http://in.archive.ubuntu.com/ubuntu bionic-updates/main amd64 wpasupplicant amd64 2:2.6-15ubuntu2.2 [954 kB]
Fetched 14.3 MB in 11s (1,345 kB/s)                                            
Preconfiguring packages ...
(Reading database ... 166195 files and directories currently installed.)
Preparing to unpack .../libnss-systemd_237-3ubuntu10.19_amd64.deb ...
Unpacking libnss-systemd:amd64 (237-3ubuntu10.19) over (237-3ubuntu10.17) ...
Preparing to unpack .../libsystemd0_237-3ubuntu10.19_amd64.deb ...
Unpacking libsystemd0:amd64 (237-3ubuntu10.19) over (237-3ubuntu10.17) ...
Setting up libsystemd0:amd64 (237-3ubuntu10.19) ...
(Reading database ... 166195 files and directories currently installed.)
Preparing to unpack .../libnss-myhostname_237-3ubuntu10.19_amd64.deb ...
Unpacking libnss-myhostname:amd64 (237-3ubuntu10.19) over (237-3ubuntu10.17) ...
Preparing to unpack .../libpam-systemd_237-3ubuntu10.19_amd64.deb ...
Unpacking libpam-systemd:amd64 (237-3ubuntu10.19) over (237-3ubuntu10.17) ...
Preparing to unpack .../systemd_237-3ubuntu10.19_amd64.deb ...
Unpacking systemd (237-3ubuntu10.19) over (237-3ubuntu10.17) ...
Preparing to unpack .../udev_237-3ubuntu10.19_amd64.deb ...
Unpacking udev (237-3ubuntu10.19) over (237-3ubuntu10.17) ...
Preparing to unpack .../libudev1_237-3ubuntu10.19_amd64.deb ...
Unpacking libudev1:amd64 (237-3ubuntu10.19) over (237-3ubuntu10.17) ...
Setting up libudev1:amd64 (237-3ubuntu10.19) ...
Setting up systemd (237-3ubuntu10.19) ...
(Reading database ... 166195 files and directories currently installed.)
Preparing to unpack .../00-systemd-sysv_237-3ubuntu10.19_amd64.deb ...
Unpacking systemd-sysv (237-3ubuntu10.19) over (237-3ubuntu10.17) ...
Preparing to unpack .../01-libsmbclient_2%3a4.7.6+dfsg~ubuntu-0ubuntu2.9_amd64.deb ...
Unpacking libsmbclient:amd64 (2:4.7.6+dfsg~ubuntu-0ubuntu2.9) over (2:4.7.6+dfsg~ubuntu-0ubuntu2.7) ...
Preparing to unpack .../02-samba-libs_2%3a4.7.6+dfsg~ubuntu-0ubuntu2.9_amd64.deb ...
Unpacking samba-libs:amd64 (2:4.7.6+dfsg~ubuntu-0ubuntu2.9) over (2:4.7.6+dfsg~ubuntu-0ubuntu2.7) ...
Preparing to unpack .../03-libwbclient0_2%3a4.7.6+dfsg~ubuntu-0ubuntu2.9_amd64.deb ...
Unpacking libwbclient0:amd64 (2:4.7.6+dfsg~ubuntu-0ubuntu2.9) over (2:4.7.6+dfsg~ubuntu-0ubuntu2.7) ...
Preparing to unpack .../04-wget_1.19.4-1ubuntu2.2_amd64.deb ...
Unpacking wget (1.19.4-1ubuntu2.2) over (1.19.4-1ubuntu2.1) ...
Preparing to unpack .../05-flashplugin-installer_32.0.0.171ubuntu0.18.04.1_amd64.deb ...
Unpacking flashplugin-installer (32.0.0.171ubuntu0.18.04.1) over (32.0.0.156ubuntu0.18.04.1) ...
Preparing to unpack .../06-libupower-glib3_0.99.7-2ubuntu0.18.04.1_amd64.deb ...
Unpacking libupower-glib3:amd64 (0.99.7-2ubuntu0.18.04.1) over (0.99.7-2) ...
Preparing to unpack .../07-gir1.2-upowerglib-1.0_0.99.7-2ubuntu0.18.04.1_amd64.deb ...
Unpacking gir1.2-upowerglib-1.0:amd64 (0.99.7-2ubuntu0.18.04.1) over (0.99.7-2) ...
Preparing to unpack .../08-gnome-control-center-data_1%3a3.28.2-0ubuntu0.18.04.3_all.deb ...
Unpacking gnome-control-center-data (1:3.28.2-0ubuntu0.18.04.3) over (1:3.28.2-0ubuntu0.18.04.2) ...
Preparing to unpack .../09-gnome-control-center_1%3a3.28.2-0ubuntu0.18.04.3_amd64.deb ...
Unpacking gnome-control-center (1:3.28.2-0ubuntu0.18.04.3) over (1:3.28.2-0ubuntu0.18.04.2) ...
Preparing to unpack .../10-gnome-control-center-faces_1%3a3.28.2-0ubuntu0.18.04.3_all.deb ...
Unpacking gnome-control-center-faces (1:3.28.2-0ubuntu0.18.04.3) over (1:3.28.2-0ubuntu0.18.04.2) ...
Preparing to unpack .../11-liblua5.3-0_5.3.3-1ubuntu0.18.04.1_amd64.deb ...
Unpacking liblua5.3-0:amd64 (5.3.3-1ubuntu0.18.04.1) over (5.3.3-1) ...
Preparing to unpack .../12-upower_0.99.7-2ubuntu0.18.04.1_amd64.deb ...
Unpacking upower (0.99.7-2ubuntu0.18.04.1) over (0.99.7-2) ...
Preparing to unpack .../13-wpasupplicant_2%3a2.6-15ubuntu2.2_amd64.deb ...
Unpacking wpasupplicant (2:2.6-15ubuntu2.2) over (2:2.6-15ubuntu2.1) ...
Setting up libnss-systemd:amd64 (237-3ubuntu10.19) ...
Setting up libwbclient0:amd64 (2:4.7.6+dfsg~ubuntu-0ubuntu2.9) ...
Setting up samba-libs:amd64 (2:4.7.6+dfsg~ubuntu-0ubuntu2.9) ...
Processing triggers for mime-support (3.60ubuntu1) ...
Processing triggers for ureadahead (0.100.0-20) ...
Processing triggers for update-notifier-common (3.192.1.5) ...
flashplugin-installer: processing...
flashplugin-installer: downloading http://archive.canonical.com/pool/partner/a/adobe-flashplugin/adobe-flashplugin_20190409.1.orig.tar.gz
Get:1 http://archive.canonical.com/pool/partner/a/adobe-flashplugin/adobe-flashplugin_20190409.1.orig.tar.gz [30.5 MB]
Fetched 30.5 MB in 1min 10s (435 kB/s)                                         
Installing from local file /var/lib/update-notifier/package-data-downloads/partial/adobe-flashplugin_20190409.1.orig.tar.gz
Flash Plugin installed.
Setting up libnss-myhostname:amd64 (237-3ubuntu10.19) ...
Processing triggers for desktop-file-utils (0.23-1ubuntu3.18.04.2) ...
Processing triggers for install-info (6.5.0.dfsg.1-2) ...
Setting up systemd-sysv (237-3ubuntu10.19) ...
Processing triggers for libglib2.0-0:amd64 (2.56.3-0ubuntu0.18.04.1) ...
Setting up wpasupplicant (2:2.6-15ubuntu2.2) ...
Setting up libsmbclient:amd64 (2:4.7.6+dfsg~ubuntu-0ubuntu2.9) ...
Setting up gnome-control-center-faces (1:3.28.2-0ubuntu0.18.04.3) ...
Setting up gnome-control-center-data (1:3.28.2-0ubuntu0.18.04.3) ...
Processing triggers for libc-bin (2.27-3ubuntu1) ...
Setting up udev (237-3ubuntu10.19) ...
update-initramfs: deferring update (trigger activated)
Setting up wget (1.19.4-1ubuntu2.2) ...
Setting up libupower-glib3:amd64 (0.99.7-2ubuntu0.18.04.1) ...
Setting up gir1.2-upowerglib-1.0:amd64 (0.99.7-2ubuntu0.18.04.1) ...
Processing triggers for man-db (2.8.3-2ubuntu0.1) ...
Processing triggers for gnome-menus (3.13.3-11ubuntu1.1) ...
Processing triggers for dbus (1.12.2-1ubuntu1) ...
Setting up liblua5.3-0:amd64 (5.3.3-1ubuntu0.18.04.1) ...
Processing triggers for hicolor-icon-theme (0.17-2) ...
Setting up flashplugin-installer (32.0.0.171ubuntu0.18.04.1) ...
Setting up libpam-systemd:amd64 (237-3ubuntu10.19) ...
Setting up upower (0.99.7-2ubuntu0.18.04.1) ...
Setting up gnome-control-center (1:3.28.2-0ubuntu0.18.04.3) ...
Processing triggers for initramfs-tools (0.130ubuntu3.7) ...
update-initramfs: Generating /boot/initrd.img-4.15.0-47-generic
Processing triggers for libc-bin (2.27-3ubuntu1) ...
tpc@CC2-27:~$ sudo apt search nmap
Sorting... Done
Full Text Search... Done
atac/bionic 0~20150903+r2013-3 amd64
  genome assembly-to-assembly comparison

brutespray/bionic,bionic 1.6.0-1 all
  Python bruteforce tool

dindel/bionic 1.01+dfsg-4build2 amd64
  determines indel calls from short-read data

doscan/bionic 0.3.3-1 amd64
  port scanner for discovering services on large networks

forensics-extra/bionic,bionic 1.13 all
  Forensics Environment - extra console components (metapackage)

fusioninventory-agent-task-network/bionic,bionic 1:2.3.16-1 all
  Network device discovery for FusionInventory Agent

libfile-map-perl/bionic 0.65-1 amd64
  Perl module providing simple and safe memory mapping

libnmap-parser-perl/bionic,bionic 1.36-1 all
  parse nmap scan results with perl

libwlocate-dev/bionic 0.0git20130108-0ubuntu1 amd64
  Library for doing location lookup based on free openwlanmap.org data

libwlocate0/bionic 0.0git20130108-0ubuntu1 amd64
  Library for doing location lookup based on free openwlanmap.org data

lxd-tools/bionic-updates 3.0.3-0ubuntu1~18.04.1 amd64
  Container hypervisor based on LXC - extra tools

mapsembler2/bionic 2.2.4+dfsg-1 amd64
  bioinformatics targeted assembly software

masscan/bionic 2:1.0.3-104-g676635d~ds0-1 amd64
  TCP port scanner

ncrack/bionic 0.6-1build1 amd64
  High-speed network authentication cracking tool

ndiff/bionic,bionic 7.60-1ubuntu5 all
  The Network Mapper - result compare utility

nmap/bionic 7.60-1ubuntu5 amd64
  The Network Mapper

nmapsi4/bionic 0.5~alpha1-2 amd64
  graphical interface to nmap, the network scanner

p0f/bionic 3.09b-1 amd64
  Passive OS fingerprinting tool

pads/bionic 1.2-11.1ubuntu2 amd64
  Passive Asset Detection System

piwi/bionic,bionic 0.8+20041206-4 all
  P(erl|relude) IDS Web Interface - A frontend to your Prelude database

pnscan/bionic 1.12-1 amd64
  Multi threaded port scanner

psad/bionic 2.4.3-1.2 amd64
  Port Scan Attack Detector

python-nmap/bionic,bionic 0.6.1-1 all
  Python interface to the Nmap port scanner

python-otherstuf/bionic,bionic 1.1.0-0ubuntu1 all
  Attribute accessible collections inspired by stuf

python-scapy/bionic,bionic 2.3.3-3 all
  Packet generator/sniffer and network scanner/discovery

python-stuf/bionic,bionic 0.9.16-0ubuntu1 all
  Python dictionary types with attribute style access

python3-nmap/bionic,bionic 0.6.1-1 all
  Python3 interface to the Nmap port scanner

python3-scapy/bionic,bionic 0.23-1 all
  Packet crafting/sniffing/manipulation/visualization security tool

xprobe/bionic 0.3-3 amd64
  Remote OS identification

xscreensaver-gl/bionic 5.36-1ubuntu1 amd64
  GL(Mesa) screen saver modules for screensaver frontends

zenmap/bionic,bionic 7.60-1ubuntu5 all
  The Network Mapper Front End

tpc@CC2-27:~$ apt remove nmap
E: Could not open lock file /var/lib/dpkg/lock-frontend - open (13: Permission denied)
E: Unable to acquire the dpkg frontend lock (/var/lib/dpkg/lock-frontend), are you root?
tpc@CC2-27:~$ sudo apt remove nmap
Reading package lists... Done
Building dependency tree       
Reading state information... Done
Package 'nmap' is not installed, so not removed
0 upgraded, 0 newly installed, 0 to remove and 0 not upgraded.
tpc@CC2-27:~$ sudo apt install nmap
Reading package lists... Done
Building dependency tree       
Reading state information... Done
The following additional packages will be installed:
  libblas3 liblinear3
Suggested packages:
  liblinear-tools liblinear-dev ndiff
The following NEW packages will be installed:
  libblas3 liblinear3 nmap
0 upgraded, 3 newly installed, 0 to remove and 0 not upgraded.
Need to get 5,353 kB of archives.
After this operation, 24.5 MB of additional disk space will be used.
Do you want to continue? [Y/n] y
Get:1 http://in.archive.ubuntu.com/ubuntu bionic/main amd64 libblas3 amd64 3.7.1-4ubuntu1 [140 kB]
Get:2 http://in.archive.ubuntu.com/ubuntu bionic/main amd64 liblinear3 amd64 2.1.0+dfsg-2 [39.3 kB]
Get:3 http://in.archive.ubuntu.com/ubuntu bionic/main amd64 nmap amd64 7.60-1ubuntu5 [5,174 kB]
Fetched 5,353 kB in 2s (2,362 kB/s)
Selecting previously unselected package libblas3:amd64.
(Reading database ... 166195 files and directories currently installed.)
Preparing to unpack .../libblas3_3.7.1-4ubuntu1_amd64.deb ...
Unpacking libblas3:amd64 (3.7.1-4ubuntu1) ...
Selecting previously unselected package liblinear3:amd64.
Preparing to unpack .../liblinear3_2.1.0+dfsg-2_amd64.deb ...
Unpacking liblinear3:amd64 (2.1.0+dfsg-2) ...
Selecting previously unselected package nmap.
Preparing to unpack .../nmap_7.60-1ubuntu5_amd64.deb ...
Unpacking nmap (7.60-1ubuntu5) ...
Setting up libblas3:amd64 (3.7.1-4ubuntu1) ...
update-alternatives: using /usr/lib/x86_64-linux-gnu/blas/libblas.so.3 to provide /usr/lib/x86_64-linux-gnu/libblas.so.3 (libblas.so.3-x86_64-linux-gnu) in auto mode
Processing triggers for libc-bin (2.27-3ubuntu1) ...
Processing triggers for man-db (2.8.3-2ubuntu0.1) ...
Setting up liblinear3:amd64 (2.1.0+dfsg-2) ...
Setting up nmap (7.60-1ubuntu5) ...
Processing triggers for libc-bin (2.27-3ubuntu1) ...
tpc@CC2-27:~$ 
Script done on Monday 11 April 2019 11:39:12 AM IST
